// Vitest Snapshot v1, https://vitest.dev/guide/snapshot.html

exports[`/clients/import > should render the ImportClientsPage component 1`] = `
{
  "asFragment": [Function],
  "baseElement": <body>
    <div>
      <form>
        <div
          class="rounded-md border"
        >
          <div
            class="mx-2 my-4 flex w-fit flex-wrap gap-4 text-nowrap md:flex-nowrap"
          >
            <button
              class="inline-flex items-center justify-center gray-50space-nowrap rounded-md text-sm font-medium transition-colors focus-visible:outline-none focus-visible:ring-1 focus-visible:ring-slate-950 disabled:pointer-events-none disabled:opacity-50 dark:focus-visible:ring-slate-300 bg-slate-900 text-slate-50 shadow hover:bg-slate-900/90 dark:bg-slate-50 dark:text-slate-900 dark:hover:bg-slate-50/90 h-9 px-4 py-2"
              type="button"
            >
              <a
                download="import-sample-aquatechy"
                href="/sample-import-aquatechy.csv"
              >
                Download Sample File
              </a>
            </button>
            <div
              class="space-y-2"
            >
              <input
                accept=".csv"
                aria-describedby=":r0:-form-item-description"
                aria-invalid="false"
                class="flex h-9 rounded-md border border-slate-200 bg-transparent px-3 py-1 text-sm shadow-sm transition-colors file:border-0 file:bg-transparent file:text-sm file:font-medium placeholder:text-slate-500 focus-visible:outline-none focus-visible:ring-1 focus-visible:ring-slate-950 disabled:cursor-not-allowed disabled:opacity-50 dark:border-slate-800 dark:placeholder:text-slate-400 dark:focus-visible:ring-slate-300 w-fit"
                id=":r0:-form-item"
                name="csvFile"
                placeholder="Picture"
                type="file"
              />
            </div>
          </div>
          <div
            class="flex flex-col gap-4"
          />
          <div
            class="w-full p-2"
          >
            <button
              class="inline-flex items-center justify-center gray-50space-nowrap rounded-md text-sm font-medium transition-colors focus-visible:outline-none focus-visible:ring-1 focus-visible:ring-slate-950 disabled:pointer-events-none disabled:opacity-50 dark:focus-visible:ring-slate-300 bg-slate-900 text-slate-50 shadow hover:bg-slate-900/90 dark:bg-slate-50 dark:text-slate-900 dark:hover:bg-slate-50/90 h-9 px-4 py-2 w-full"
              disabled=""
            >
              Import Clients
            </button>
          </div>
        </div>
      </form>
    </div>
  </body>,
  "container": <div>
    <form>
      <div
        class="rounded-md border"
      >
        <div
          class="mx-2 my-4 flex w-fit flex-wrap gap-4 text-nowrap md:flex-nowrap"
        >
          <button
            class="inline-flex items-center justify-center gray-50space-nowrap rounded-md text-sm font-medium transition-colors focus-visible:outline-none focus-visible:ring-1 focus-visible:ring-slate-950 disabled:pointer-events-none disabled:opacity-50 dark:focus-visible:ring-slate-300 bg-slate-900 text-slate-50 shadow hover:bg-slate-900/90 dark:bg-slate-50 dark:text-slate-900 dark:hover:bg-slate-50/90 h-9 px-4 py-2"
            type="button"
          >
            <a
              download="import-sample-aquatechy"
              href="/sample-import-aquatechy.csv"
            >
              Download Sample File
            </a>
          </button>
          <div
            class="space-y-2"
          >
            <input
              accept=".csv"
              aria-describedby=":r0:-form-item-description"
              aria-invalid="false"
              class="flex h-9 rounded-md border border-slate-200 bg-transparent px-3 py-1 text-sm shadow-sm transition-colors file:border-0 file:bg-transparent file:text-sm file:font-medium placeholder:text-slate-500 focus-visible:outline-none focus-visible:ring-1 focus-visible:ring-slate-950 disabled:cursor-not-allowed disabled:opacity-50 dark:border-slate-800 dark:placeholder:text-slate-400 dark:focus-visible:ring-slate-300 w-fit"
              id=":r0:-form-item"
              name="csvFile"
              placeholder="Picture"
              type="file"
            />
          </div>
        </div>
        <div
          class="flex flex-col gap-4"
        />
        <div
          class="w-full p-2"
        >
          <button
            class="inline-flex items-center justify-center gray-50space-nowrap rounded-md text-sm font-medium transition-colors focus-visible:outline-none focus-visible:ring-1 focus-visible:ring-slate-950 disabled:pointer-events-none disabled:opacity-50 dark:focus-visible:ring-slate-300 bg-slate-900 text-slate-50 shadow hover:bg-slate-900/90 dark:bg-slate-50 dark:text-slate-900 dark:hover:bg-slate-50/90 h-9 px-4 py-2 w-full"
            disabled=""
          >
            Import Clients
          </button>
        </div>
      </div>
    </form>
  </div>,
  "debug": [Function],
  "findAllByAltText": [Function],
  "findAllByDisplayValue": [Function],
  "findAllByLabelText": [Function],
  "findAllByPlaceholderText": [Function],
  "findAllByRole": [Function],
  "findAllByTestId": [Function],
  "findAllByText": [Function],
  "findAllByTitle": [Function],
  "findByAltText": [Function],
  "findByDisplayValue": [Function],
  "findByLabelText": [Function],
  "findByPlaceholderText": [Function],
  "findByRole": [Function],
  "findByTestId": [Function],
  "findByText": [Function],
  "findByTitle": [Function],
  "getAllByAltText": [Function],
  "getAllByDisplayValue": [Function],
  "getAllByLabelText": [Function],
  "getAllByPlaceholderText": [Function],
  "getAllByRole": [Function],
  "getAllByTestId": [Function],
  "getAllByText": [Function],
  "getAllByTitle": [Function],
  "getByAltText": [Function],
  "getByDisplayValue": [Function],
  "getByLabelText": [Function],
  "getByPlaceholderText": [Function],
  "getByRole": [Function],
  "getByTestId": [Function],
  "getByText": [Function],
  "getByTitle": [Function],
  "queryAllByAltText": [Function],
  "queryAllByDisplayValue": [Function],
  "queryAllByLabelText": [Function],
  "queryAllByPlaceholderText": [Function],
  "queryAllByRole": [Function],
  "queryAllByTestId": [Function],
  "queryAllByText": [Function],
  "queryAllByTitle": [Function],
  "queryByAltText": [Function],
  "queryByDisplayValue": [Function],
  "queryByLabelText": [Function],
  "queryByPlaceholderText": [Function],
  "queryByRole": [Function],
  "queryByTestId": [Function],
  "queryByText": [Function],
  "queryByTitle": [Function],
  "rerender": [Function],
  "unmount": [Function],
}
`;
