// Vitest Snapshot v1, https://vitest.dev/guide/snapshot.html

exports[`LoginPage > should render LoginPage 1`] = `
{
  "asFragment": [Function],
  "baseElement": <body>
    <div>
      <div
        class="inline-flex w-[448px] flex-col items-start justify-start gap-[18px] rounded-lg bg-gray-50 px-6 py-8"
      >
        <div
          class="inline-flex h-5 items-center justify-center gap-3 self-stretch"
        >
          <img
            alt="Logo"
            class="h-auto w-80"
            data-nimg="1"
            decoding="async"
            fetchpriority="high"
            height="0"
            sizes="100vw"
            src="/_next/image?url=%2Fpublic%2Fimages%2FlogoHor.png&w=3840&q=75"
            srcset="/_next/image?url=%2Fpublic%2Fimages%2FlogoHor.png&w=640&q=75 640w, /_next/image?url=%2Fpublic%2Fimages%2FlogoHor.png&w=750&q=75 750w, /_next/image?url=%2Fpublic%2Fimages%2FlogoHor.png&w=828&q=75 828w, /_next/image?url=%2Fpublic%2Fimages%2FlogoHor.png&w=1080&q=75 1080w, /_next/image?url=%2Fpublic%2Fimages%2FlogoHor.png&w=1200&q=75 1200w, /_next/image?url=%2Fpublic%2Fimages%2FlogoHor.png&w=1920&q=75 1920w, /_next/image?url=%2Fpublic%2Fimages%2FlogoHor.png&w=2048&q=75 2048w, /_next/image?url=%2Fpublic%2Fimages%2FlogoHor.png&w=3840&q=75 3840w"
            style="color: transparent;"
            width="0"
          />
        </div>
        <div
          class="relative mt-4 h-[50px] w-[400px]"
        >
          <div
            class="left-0 top-0 h-[30px] w-[400px] text-xl font-semibold leading-[30px] text-gray-900"
          >
            Login
          </div>
          <div
            class="left-0 top-[30px] h-5 w-[400px]"
          >
            <span
              class="text-sm font-medium text-gray-500"
            >
              Don't you have an account?
            </span>
            <a
              class="text-sm font-semibold text-blue-500"
              href="/signup"
            >
              Sign Up
            </a>
          </div>
        </div>
        <form>
          <div
            class="mb-8 flex w-[400px] flex-col gap-[18px]"
          >
            <div
              class="grid h-full w-full gap-2"
            >
              <label
                class="text-sm font-medium leading-none peer-disabled:cursor-not-allowed peer-disabled:opacity-70 text-nowrap"
              >
                E-mail
              </label>
              <input
                aria-describedby=":r0:-form-item-description"
                aria-invalid="false"
                class="flex h-9 w-full rounded-md border border-slate-200 bg-transparent px-3 py-1 text-sm shadow-sm transition-colors file:border-0 file:bg-transparent file:text-sm file:font-medium placeholder:text-slate-500 focus-visible:outline-none focus-visible:ring-1 focus-visible:ring-slate-950 disabled:cursor-not-allowed disabled:opacity-50 dark:border-slate-800 dark:placeholder:text-slate-400 dark:focus-visible:ring-slate-300"
                id=":r0:-form-item"
                name="email"
                placeholder="E-mail address"
                type="text"
                value=""
              />
            </div>
            <div
              class="grid h-full w-full gap-2"
            >
              <input
                aria-describedby=":r1:-form-item-description"
                aria-invalid="false"
                class="flex h-9 w-full rounded-md border border-slate-200 bg-transparent px-3 py-1 text-sm shadow-sm transition-colors file:border-0 file:bg-transparent file:text-sm file:font-medium placeholder:text-slate-500 focus-visible:outline-none focus-visible:ring-1 focus-visible:ring-slate-950 disabled:cursor-not-allowed disabled:opacity-50 dark:border-slate-800 dark:placeholder:text-slate-400 dark:focus-visible:ring-slate-300"
                id=":r1:-form-item"
                name="password"
                placeholder="Password"
                type="password"
                value=""
              />
            </div>
            <a
              class="text-sm font-semibold text-blue-500"
              href="/recover"
            >
              Forgot Password?
            </a>
          </div>
          <button
            class="inline-flex items-center justify-center gray-50space-nowrap rounded-md text-sm font-medium transition-colors focus-visible:outline-none focus-visible:ring-1 focus-visible:ring-slate-950 disabled:pointer-events-none disabled:opacity-50 dark:focus-visible:ring-slate-300 bg-slate-900 text-slate-50 shadow hover:bg-slate-900/90 dark:bg-slate-50 dark:text-slate-900 dark:hover:bg-slate-50/90 h-9 px-4 py-2 w-full"
            type="submit"
          >
            Login
          </button>
        </form>
      </div>
    </div>
  </body>,
  "container": <div>
    <div
      class="inline-flex w-[448px] flex-col items-start justify-start gap-[18px] rounded-lg bg-gray-50 px-6 py-8"
    >
      <div
        class="inline-flex h-5 items-center justify-center gap-3 self-stretch"
      >
        <img
          alt="Logo"
          class="h-auto w-80"
          data-nimg="1"
          decoding="async"
          fetchpriority="high"
          height="0"
          sizes="100vw"
          src="/_next/image?url=%2Fpublic%2Fimages%2FlogoHor.png&w=3840&q=75"
          srcset="/_next/image?url=%2Fpublic%2Fimages%2FlogoHor.png&w=640&q=75 640w, /_next/image?url=%2Fpublic%2Fimages%2FlogoHor.png&w=750&q=75 750w, /_next/image?url=%2Fpublic%2Fimages%2FlogoHor.png&w=828&q=75 828w, /_next/image?url=%2Fpublic%2Fimages%2FlogoHor.png&w=1080&q=75 1080w, /_next/image?url=%2Fpublic%2Fimages%2FlogoHor.png&w=1200&q=75 1200w, /_next/image?url=%2Fpublic%2Fimages%2FlogoHor.png&w=1920&q=75 1920w, /_next/image?url=%2Fpublic%2Fimages%2FlogoHor.png&w=2048&q=75 2048w, /_next/image?url=%2Fpublic%2Fimages%2FlogoHor.png&w=3840&q=75 3840w"
          style="color: transparent;"
          width="0"
        />
      </div>
      <div
        class="relative mt-4 h-[50px] w-[400px]"
      >
        <div
          class="left-0 top-0 h-[30px] w-[400px] text-xl font-semibold leading-[30px] text-gray-900"
        >
          Login
        </div>
        <div
          class="left-0 top-[30px] h-5 w-[400px]"
        >
          <span
            class="text-sm font-medium text-gray-500"
          >
            Don't you have an account?
          </span>
          <a
            class="text-sm font-semibold text-blue-500"
            href="/signup"
          >
            Sign Up
          </a>
        </div>
      </div>
      <form>
        <div
          class="mb-8 flex w-[400px] flex-col gap-[18px]"
        >
          <div
            class="grid h-full w-full gap-2"
          >
            <label
              class="text-sm font-medium leading-none peer-disabled:cursor-not-allowed peer-disabled:opacity-70 text-nowrap"
            >
              E-mail
            </label>
            <input
              aria-describedby=":r0:-form-item-description"
              aria-invalid="false"
              class="flex h-9 w-full rounded-md border border-slate-200 bg-transparent px-3 py-1 text-sm shadow-sm transition-colors file:border-0 file:bg-transparent file:text-sm file:font-medium placeholder:text-slate-500 focus-visible:outline-none focus-visible:ring-1 focus-visible:ring-slate-950 disabled:cursor-not-allowed disabled:opacity-50 dark:border-slate-800 dark:placeholder:text-slate-400 dark:focus-visible:ring-slate-300"
              id=":r0:-form-item"
              name="email"
              placeholder="E-mail address"
              type="text"
              value=""
            />
          </div>
          <div
            class="grid h-full w-full gap-2"
          >
            <input
              aria-describedby=":r1:-form-item-description"
              aria-invalid="false"
              class="flex h-9 w-full rounded-md border border-slate-200 bg-transparent px-3 py-1 text-sm shadow-sm transition-colors file:border-0 file:bg-transparent file:text-sm file:font-medium placeholder:text-slate-500 focus-visible:outline-none focus-visible:ring-1 focus-visible:ring-slate-950 disabled:cursor-not-allowed disabled:opacity-50 dark:border-slate-800 dark:placeholder:text-slate-400 dark:focus-visible:ring-slate-300"
              id=":r1:-form-item"
              name="password"
              placeholder="Password"
              type="password"
              value=""
            />
          </div>
          <a
            class="text-sm font-semibold text-blue-500"
            href="/recover"
          >
            Forgot Password?
          </a>
        </div>
        <button
          class="inline-flex items-center justify-center gray-50space-nowrap rounded-md text-sm font-medium transition-colors focus-visible:outline-none focus-visible:ring-1 focus-visible:ring-slate-950 disabled:pointer-events-none disabled:opacity-50 dark:focus-visible:ring-slate-300 bg-slate-900 text-slate-50 shadow hover:bg-slate-900/90 dark:bg-slate-50 dark:text-slate-900 dark:hover:bg-slate-50/90 h-9 px-4 py-2 w-full"
          type="submit"
        >
          Login
        </button>
      </form>
    </div>
  </div>,
  "debug": [Function],
  "findAllByAltText": [Function],
  "findAllByDisplayValue": [Function],
  "findAllByLabelText": [Function],
  "findAllByPlaceholderText": [Function],
  "findAllByRole": [Function],
  "findAllByTestId": [Function],
  "findAllByText": [Function],
  "findAllByTitle": [Function],
  "findByAltText": [Function],
  "findByDisplayValue": [Function],
  "findByLabelText": [Function],
  "findByPlaceholderText": [Function],
  "findByRole": [Function],
  "findByTestId": [Function],
  "findByText": [Function],
  "findByTitle": [Function],
  "getAllByAltText": [Function],
  "getAllByDisplayValue": [Function],
  "getAllByLabelText": [Function],
  "getAllByPlaceholderText": [Function],
  "getAllByRole": [Function],
  "getAllByTestId": [Function],
  "getAllByText": [Function],
  "getAllByTitle": [Function],
  "getByAltText": [Function],
  "getByDisplayValue": [Function],
  "getByLabelText": [Function],
  "getByPlaceholderText": [Function],
  "getByRole": [Function],
  "getByTestId": [Function],
  "getByText": [Function],
  "getByTitle": [Function],
  "queryAllByAltText": [Function],
  "queryAllByDisplayValue": [Function],
  "queryAllByLabelText": [Function],
  "queryAllByPlaceholderText": [Function],
  "queryAllByRole": [Function],
  "queryAllByTestId": [Function],
  "queryAllByText": [Function],
  "queryAllByTitle": [Function],
  "queryByAltText": [Function],
  "queryByDisplayValue": [Function],
  "queryByLabelText": [Function],
  "queryByPlaceholderText": [Function],
  "queryByRole": [Function],
  "queryByTestId": [Function],
  "queryByText": [Function],
  "queryByTitle": [Function],
  "rerender": [Function],
  "unmount": [Function],
}
`;
