// Vitest Snapshot v1, https://vitest.dev/guide/snapshot.html

exports[`MultiSelect > should render the MultiSelect component 1`] = `
{
  "asFragment": [Function],
  "baseElement": <body>
    <div>
      <div
        class="w-[100%]"
      >
        <button
          aria-controls="radix-:r0:"
          aria-expanded="false"
          aria-haspopup="dialog"
          class="inline-flex items-center gray-50space-nowrap rounded-md text-sm font-medium transition-colors focus-visible:outline-none focus-visible:ring-1 focus-visible:ring-slate-950 disabled:pointer-events-none disabled:opacity-50 dark:focus-visible:ring-slate-300 border border-slate-200 bg-gray-50 shadow-sm hover:bg-slate-100 hover:text-slate-900 dark:border-slate-800 dark:bg-slate-950 dark:hover:bg-slate-800 dark:hover:text-slate-50 px-4 py-2 mt-2 w-full justify-between h-9"
          data-state="closed"
          role="combobox"
          type="button"
        >
          <div
            class="flex flex-wrap gap-1"
          >
            <div
              class="inline-flex items-center rounded-md border px-2.5 py-0.5 text-xs font-semibold transition-colors focus:outline-none focus:ring-2 focus:ring-slate-950 focus:ring-offset-2 dark:border-slate-800 dark:focus:ring-slate-300 border-transparent bg-slate-100 text-slate-900 hover:bg-slate-100/80 dark:bg-slate-800 dark:text-slate-50 dark:hover:bg-slate-800/80 mb-1 mr-1"
            >
              selected
              <button
                class="ring-offset-background focus:ring-ring ml-1 rounded-full outline-none focus:ring-2 focus:ring-offset-2"
              >
                <svg
                  class="lucide lucide-x text-muted-foreground hover:text-foreground h-3 w-3"
                  fill="none"
                  height="24"
                  stroke="currentColor"
                  stroke-linecap="round"
                  stroke-linejoin="round"
                  stroke-width="2"
                  viewBox="0 0 24 24"
                  width="24"
                  xmlns="http://www.w3.org/2000/svg"
                >
                  <path
                    d="M18 6 6 18"
                  />
                  <path
                    d="m6 6 12 12"
                  />
                </svg>
              </button>
            </div>
          </div>
          <svg
            class="lucide lucide-chevrons-up-down h-4 w-4 shrink-0 text-slate-500 opacity-50"
            fill="none"
            height="24"
            stroke="currentColor"
            stroke-linecap="round"
            stroke-linejoin="round"
            stroke-width="2"
            viewBox="0 0 24 24"
            width="24"
            xmlns="http://www.w3.org/2000/svg"
          >
            <path
              d="m7 15 5 5 5-5"
            />
            <path
              d="m7 9 5-5 5 5"
            />
          </svg>
        </button>
      </div>
    </div>
  </body>,
  "container": <div>
    <div
      class="w-[100%]"
    >
      <button
        aria-controls="radix-:r0:"
        aria-expanded="false"
        aria-haspopup="dialog"
        class="inline-flex items-center gray-50space-nowrap rounded-md text-sm font-medium transition-colors focus-visible:outline-none focus-visible:ring-1 focus-visible:ring-slate-950 disabled:pointer-events-none disabled:opacity-50 dark:focus-visible:ring-slate-300 border border-slate-200 bg-gray-50 shadow-sm hover:bg-slate-100 hover:text-slate-900 dark:border-slate-800 dark:bg-slate-950 dark:hover:bg-slate-800 dark:hover:text-slate-50 px-4 py-2 mt-2 w-full justify-between h-9"
        data-state="closed"
        role="combobox"
        type="button"
      >
        <div
          class="flex flex-wrap gap-1"
        >
          <div
            class="inline-flex items-center rounded-md border px-2.5 py-0.5 text-xs font-semibold transition-colors focus:outline-none focus:ring-2 focus:ring-slate-950 focus:ring-offset-2 dark:border-slate-800 dark:focus:ring-slate-300 border-transparent bg-slate-100 text-slate-900 hover:bg-slate-100/80 dark:bg-slate-800 dark:text-slate-50 dark:hover:bg-slate-800/80 mb-1 mr-1"
          >
            selected
            <button
              class="ring-offset-background focus:ring-ring ml-1 rounded-full outline-none focus:ring-2 focus:ring-offset-2"
            >
              <svg
                class="lucide lucide-x text-muted-foreground hover:text-foreground h-3 w-3"
                fill="none"
                height="24"
                stroke="currentColor"
                stroke-linecap="round"
                stroke-linejoin="round"
                stroke-width="2"
                viewBox="0 0 24 24"
                width="24"
                xmlns="http://www.w3.org/2000/svg"
              >
                <path
                  d="M18 6 6 18"
                />
                <path
                  d="m6 6 12 12"
                />
              </svg>
            </button>
          </div>
        </div>
        <svg
          class="lucide lucide-chevrons-up-down h-4 w-4 shrink-0 text-slate-500 opacity-50"
          fill="none"
          height="24"
          stroke="currentColor"
          stroke-linecap="round"
          stroke-linejoin="round"
          stroke-width="2"
          viewBox="0 0 24 24"
          width="24"
          xmlns="http://www.w3.org/2000/svg"
        >
          <path
            d="m7 15 5 5 5-5"
          />
          <path
            d="m7 9 5-5 5 5"
          />
        </svg>
      </button>
    </div>
  </div>,
  "debug": [Function],
  "findAllByAltText": [Function],
  "findAllByDisplayValue": [Function],
  "findAllByLabelText": [Function],
  "findAllByPlaceholderText": [Function],
  "findAllByRole": [Function],
  "findAllByTestId": [Function],
  "findAllByText": [Function],
  "findAllByTitle": [Function],
  "findByAltText": [Function],
  "findByDisplayValue": [Function],
  "findByLabelText": [Function],
  "findByPlaceholderText": [Function],
  "findByRole": [Function],
  "findByTestId": [Function],
  "findByText": [Function],
  "findByTitle": [Function],
  "getAllByAltText": [Function],
  "getAllByDisplayValue": [Function],
  "getAllByLabelText": [Function],
  "getAllByPlaceholderText": [Function],
  "getAllByRole": [Function],
  "getAllByTestId": [Function],
  "getAllByText": [Function],
  "getAllByTitle": [Function],
  "getByAltText": [Function],
  "getByDisplayValue": [Function],
  "getByLabelText": [Function],
  "getByPlaceholderText": [Function],
  "getByRole": [Function],
  "getByTestId": [Function],
  "getByText": [Function],
  "getByTitle": [Function],
  "queryAllByAltText": [Function],
  "queryAllByDisplayValue": [Function],
  "queryAllByLabelText": [Function],
  "queryAllByPlaceholderText": [Function],
  "queryAllByRole": [Function],
  "queryAllByTestId": [Function],
  "queryAllByText": [Function],
  "queryAllByTitle": [Function],
  "queryByAltText": [Function],
  "queryByDisplayValue": [Function],
  "queryByLabelText": [Function],
  "queryByPlaceholderText": [Function],
  "queryByRole": [Function],
  "queryByTestId": [Function],
  "queryByText": [Function],
  "queryByTitle": [Function],
  "rerender": [Function],
  "unmount": [Function],
}
`;
